"blank"				"$813"
"radio1"			"$814"
"radio2"			"$815"
"radio3"			"$816"
"say"				"$817"
"sayteam"			"$818"
"voicesay"			"$909"
"voicesayteam"			"$910"
"blank"				"$231"
"buy" 				"$819"
"buyammo1"   			"$820"
"buyammo2" 			"$821"
"buyequip"			"$822"
"autobuy"			"$318"
"rebuy"				"$317"
"chooseteam"	 		"$291"
"slot10"			"$823"
"slot1"				"$824"
"slot2"				"$825"
"slot3" 			"$826"
"slot4"				"$827"
"slot5"				"$828"
"slot6"				"$829"
"slot7"				"$830"
"slot8"				"$831"
"slot9"				"$832"
"showscores"			"$833"
"bot"				"$834"
"votemenu"			"$835"
"serverinfo"			"$728"
"serveraction1"			"$836"
"serveraction2"			"$837"
"serveraction3"			"$838"
"console"			"$1"
"blank"				"$49"
"forward"			"$839"
"back"				"$840"
"left"				"$841"
"right"				"$842"
"speed"            		"$843"
"blank"				"$844"
"attack"			"$845"
"attack2"			"$846"
"reload"			"$847"
"invprev"			"$848"
"invnext"			"$849"
"lastinv"			"$850"
"nightvision"			"$851"
"drop"	 			"$852"
"blank"				"$853"
"use"				"$854"
"spray"				"$855"
"flashlight"			"$856"
"snapshot"			"$857"
"specmode"			"$858"
"specplayer"			"$859"