ah:help
ak47
alias:alias:script
aliases
attack
attack2
aug
autobuy
autoscreen:autoscreen
autoswitch:autoswitch
awp
back
banip:ip:[duration]:[reason]
banname:name:[duration]:[reason]
bans
bansteam:id:[duration]:[reason]
banusgn:id:[duration]:[reason]
bind:key:script
bot
bot_add
bot_add_ct
bot_add_t
bot_autofill:auto fill
bot_count:count
bot_freeze:freeze bots
bot_jointeam:team
bot_keepfreeslots:keep free slots
bot_kill
bot_prefix:prefix
bot_remove
bot_remove_all
bot_remove_ct
bot_remove_t
bot_skill:skill
bot_weapons:weapons
bullets:draw
buy
buyammo1
buyammo2
buyequip
changelevel:map
changemap:map
chooseteam
clear
clientport:port
close
cmsg:message:[player]
connection:speed
connections
console
copyaddress
customkill:killer:weapon:victim
damageobject:id:damage:player
deagle
deathnoticeimg:show images
deathslap:player
debug:debug
debugai:debug AI
debuglog:create logs
debuglua:debug lua
debugstats
defuser
disconnect
dmgindicator:show
download:mode
drawradar:draw
drop
echo:message
effect:effect:x:y:p1:p2:r:g:b
elite
elites
endround:mode
equip:player:weapon
exec:file
exit
explosion:x:y:size:damage:source player
famas
flare
flash
flashlight
flashplayer:player:intensity
flashposition:x:y:intensity
fn57
forward
fowalpha:opacity
fowdetails:details
fps
freeprojectile:id:player
g3sg1
galil
glock
gore:level of gore
grenademode:static
hegren
hudtxt:id:text:x:y:[align]:[valign]:[size]
hudtxt2:player:id:text:x:y:[align]:[valign]:[size]
hudtxtalphafade:player:id:duration:alpha
hudtxtcolorfade:player:id:duration:red:green:blue
hudtxtmove:player:id:duration:x:y
hud_fastswitch:hud
hud_takesshots:autoscreen
include:file
invnext
invprev
items
itemshadows:draw
kick:player:[reason]
kill
killobject:object id
killplayer:player
lastinv
left
lefthand:lefthand
listbans
listplayers
localport:port
logaddress_add:address
logaddress_remove:address
logaddress_removeall
logbatch:lines
logmaxflushrate:maxrate
logsplit:split
logstamp:add stamps
lua:script
luareset
m249
m3
m4a1
mac10
makect:player
makespec:player
maket:player
map:map
mapinfo
maps
mapshadows:draw
mapsounds:play
markplayer:mark
memory
menuselect:slot/menu
menu_lanscanport:port
mp5
mp_antispeeder:antispeeder protection
mp_autogamemode:autogamemode
mp_autoteambalance:balance
mp_building_health:building:price
mp_building_limit:building:limit
mp_building_price:building:price
mp_buymenu:items
mp_buytime:time
mp_c4timer:time
mp_connectionlimit:limit
mp_curtailedexplosions:curtailed
mp_damagefactor:factor
mp_deathdrop:drop
mp_dispenser_health:health
mp_dispenser_money:money
mp_dmspawnmoney:money
mp_dropgrenades:drop
mp_flashlight:flashlights
mp_floodprot:flood protection
mp_floodprotignoretime:flood ignore time
mp_freezetime:time
mp_grenaderebuy:allowed
mp_hostagepenalty:kills
mp_hovertext:Hover Text
mp_hud:HUD Elements
mp_hudscale:Scale mode
mp_idleaction:action
mp_idlekick:idle action
mp_idletime:time
mp_infammo:infinite ammo
mp_kevlar:percent
mp_kickpercent:percent
mp_killbuildingmoney:money
mp_killbuildings:kill
mp_killinfo:info
mp_killteambuildings:mode
mp_lagcompensation:max compensation time
mp_lagcompensationdivisor:divisor
mp_localrconoutput:output
mp_luamap:use
mp_luaserver:file
mp_mapgoalscore:score
mp_mapvoteratio:percent
mp_maxclientsip:clients
mp_maxrconfails:max. fails
mp_natholepunching:allow punching
mp_pinglimit:limit
mp_postspawn:time
mp_radar:radar
mp_randomspawn:random
mp_recoil:dynamic recoil
mp_reservations:reservations
mp_respawndelay:delay
mp_roundlimit:rounds
mp_roundtime:time
mp_shotweakening:weakening
mp_smokeblock:smoke blocking
mp_startmoney:money
mp_supply_items:itemlist
mp_teamkillpenalty:kills
mp_teleportreload:reload time
mp_tempbantime:time
mp_timelimit:time
mp_tkpunish:kill
mp_trace:accuracy
mp_turretdamage:damage
mp_unbuildable:buildings
mp_unbuyable:unbuyable
mp_vulnerablehostages:vulnerable
mp_weaponfadeout:time
mp_winlimit:wins
mp_wpndmg:name:damage
mp_wpndmg_z1:name:damage
mp_wpndmg_z2:name:damage
mp_zombiedmg:percentage of damage
mp_zombiekillequip:weapon
mp_zombiekillscore:kill score
mp_zombierecover:recover
mp_zombiespeedmod:speedmod
msg:message
name:name
netinfo
nick:name
nightvision
nvgs
p228
p90
particles:amount
playershadows:draw
quit
radio1
radio2
radio3
rcon:commands
rcon_password:password
rcon_pw:password
rebuy
recoil:recoil
relativemovement:relative
reload
removeitem:item
render3d:render3d
renderdecals:render
renderdecoration:render
reroute:player:address
resources
restart:delay
restartround:delay
right
say:[message]
sayteam:[message]
scout
screenshot
server
serveraction1
serveraction2
serveraction3
serverinfo
setammo:id:weapon:ammoin:ammo
setarmor:player:armor
setdeaths:player:deaths
sethealth:player:health
setmaxhealth:player:maxhealth
setmoney:player:money
setname:player:name:[hide]
setpos:player:x:y
setscore:player:score
setteamscores:tscore:ctscore
settile:x:y:tile
setweapon:player:weapon
SG550
sg552
sgren
shadows:opacity
shadowshade_obstacle:shade
shadowshade_wall:shade
shadowz_obstacles:height
shadowz_wall:height
shadow_angle:angle
shadow_frameskipping:skipping
shake:player:power
shield
showscores
slap:player
slot0
slot1
slot10
slot2
slot3
slot4
slot5
slot6
slot7
slot8
slot9
snapshot
sounddriver:driver
soundmode:mode
spawnitem:item:x:y:[ammoin]:[ammo]
spawnnpc:type:x:y:rot
spawnobject:type:x:y:rot:mode:team:player
spawnplayer:player:x:y
spawnprojectile:player:type:x:y:flydist:dir
specmode
specplayer
speed
speedmod:player:speedmod
spray
spraycolor:color
spraylogo:logofile
strip:player:weapon
sv_checkusgnlogin:check
sv_daylighttime:timeangle
sv_forcelight:forcelight
sv_fow:fow
sv_friendlyfire:FF
sv_gamemode:mode
sv_gm:mode
sv_hostport:port
sv_lan:lan
sv_map:map
sv_maptransfer:transfer
sv_maxplayers:players
sv_msg:message
sv_msg2:player:message
sv_name:name
sv_offscreendamage:off-screen damage
sv_password:password
sv_rcon:rcon password
sv_rconusers:users
sv_restart:delay
sv_restartround:delay
sv_sound:soundfile
sv_sound2:player:soundfile
sv_soundpos:soundfile:x:y:[player]
sv_specmode:mode
sv_spraytransfer:spray transfer
sv_stopsound:soundfile:player
sv_usgnonly:usgn only
team
tileanimations:use tile animations
tmp
transfer_speed:speed
trigger:trigger
triggerposition:x:y
ump45
unban:banmask
unbanall
unbindall
use
usgn_addserver
usgn_info
usgn_pw:password
usgn_user:user
usp
vest
vesthelm
visibleshots:visible
volume:volume
vote:player
votemap:map
votemenu
weapon:weapon
wiggle:wiggle
win:win
xm1014